[1m[92m    Updating[0m crates.io index
[1m[92m Downloading[0m crates ...
[1m[92m  Downloaded[0m serde_core v1.0.229
[1m[92m  Downloaded[0m bumpalo v3.20.3
[1m[92m  Downloaded[0m wasm-bindgen-macro v0.2.126
[1m[92m  Downloaded[0m unicode-ident v1.0.24
[1m[92m  Downloaded[0m cfg-if v1.0.4
[1m[92m  Downloaded[0m itoa v1.0.18
[1m[92m  Downloaded[0m once_cell v1.21.4
[1m[92m  Downloaded[0m rustversion v1.0.23
[1m[92m  Downloaded[0m zmij v1.0.23
[1m[92m  Downloaded[0m wasm-bindgen v0.2.126
[1m[92m  Downloaded[0m wasm-bindgen-shared v0.2.126
[1m[92m  Downloaded[0m memchr v2.8.3
[1m[92m  Downloaded[0m quote v1.0.47
[1m[92m  Downloaded[0m serde_derive v1.0.229
[1m[92m  Downloaded[0m wasm-bindgen-macro-support v0.2.126
[1m[92m  Downloaded[0m proc-macro2 v1.0.107
[1m[92m  Downloaded[0m serde v1.0.229
[1m[92m  Downloaded[0m serde_json v1.0.151
[1m[92m  Downloaded[0m syn v2.0.119
[1m[92m  Downloaded[0m syn v3.0.3
[1m[92m   Compiling[0m proc-macro2 v1.0.107
[1m[92m   Compiling[0m unicode-ident v1.0.24
[1m[92m   Compiling[0m quote v1.0.47
[1m[92m   Compiling[0m serde_core v1.0.229
[1m[92m    Checking[0m simulation-model v0.1.0 (/home/runner/work/gaon-sim-trial/gaon-sim-trial/crates/simulation-model)
[1m[92m   Compiling[0m syn v3.0.3
crates/simulation-model/src/terrain.rs:10:1: [1m[91merror[0m: docs for function which may panic missing `# Panics` section
[1m[91merror[0m: could not compile `simulation-model` (lib) due to 1 previous error
[1m[33mwarning[0m: build failed, waiting for other jobs to finish...
